******************************************************************************
                  TI ARM Linker PC v18.12.4                    
******************************************************************************
>> Linked Sun Mar  8 15:27:30 2020

OUTPUT FILE NAME:   <MAIN_DRIVER.out>
ENTRY POINT SYMBOL: "_c_int00_noargs"  address: 00000931


MEMORY CONFIGURATION

         name            origin    length      used     unused   attr    fill
----------------------  --------  ---------  --------  --------  ----  --------
  FLASH                 00000000   00040000  000009ec  0003f614  R  X
  SRAM                  20000000   00008000  00000348  00007cb8  RW X


SEGMENT ALLOCATION MAP

run origin  load origin   length   init length attrs members
----------  ----------- ---------- ----------- ----- -------
00000000    00000000    000009f0   000009f0    r-x
  00000000    00000000    0000026c   0000026c    r-- .intvecs
  0000026c    0000026c    00000738   00000738    r-x .text
  000009a8    000009a8    00000048   00000048    r-- .cinit
20000000    20000000    00000348   00000000    rw-
  20000000    20000000    00000200   00000000    rw- .stack
  20000200    20000200    0000012c   00000000    rw- .bss
  2000032c    2000032c    0000001c   00000000    rw- .data


SECTION ALLOCATION MAP

 output                                  attributes/
section   page    origin      length       input sections
--------  ----  ----------  ----------   ----------------
.intvecs   0    00000000    0000026c     
                  00000000    0000026c     tm4c123gh6pm_startup_ccs.obj (.intvecs)

.text      0    0000026c    00000738     
                  0000026c    00000308     gpio_test.obj (.text)
                  00000574    000001c0     main.obj (.text)
                  00000734    0000009c     rtsv7M4_T_le_v4SPD16_eabi.lib : memcpy_t2.asm.obj (.text)
                  000007d0    00000068                                   : copy_decompress_lzss.c.obj (.text:decompress:lzss:__TI_decompress_lzss)
                  00000838    00000048                                   : hostclock.c.obj (.text:HOSTclock)
                  00000880    00000044                                   : autoinit.c.obj (.text:__TI_auto_init_nobinit_nopinit:__TI_auto_init_nobinit_nopinit)
                  000008c4    00000038                                   : trgmsg.c.obj (.text:__TI_writemsg)
                  000008fc    00000034                                   : trgmsg.c.obj (.text:__TI_readmsg)
                  00000930    00000034                                   : boot_cortex_m.c.obj (.text:_c_int00_noargs:_c_int00_noargs)
                  00000964    0000001c                                   : copy_zero_init.c.obj (.text:decompress:ZI:__TI_zero_init_nomemset:__TI_zero_init_nomemset)
                  00000980    0000000e                                   : copy_decompress_none.c.obj (.text:decompress:none:__TI_decompress_none)
                  0000098e    0000000c     tm4c123gh6pm_startup_ccs.obj (.text)
                  0000099a    00000004     rtsv7M4_T_le_v4SPD16_eabi.lib : pre_init.c.obj (.text:_system_pre_init)
                  0000099e    00000004                                   : exit.c.obj (.text:abort:abort)
                  000009a2    00000002                                   : _lock.c.obj (.text:_nop)

.cinit     0    000009a8    00000048     
                  000009a8    0000001d     (.cinit..data.load) [load image, compression = lzss]
                  000009c5    00000003     --HOLE-- [fill = 0]
                  000009c8    0000000c     (__TI_handler_table)
                  000009d4    00000004     --HOLE-- [fill = 0]
                  000009d8    00000008     (.cinit..bss.load) [load image, compression = zero_init]
                  000009e0    00000010     (__TI_cinit_table)

.init_array 
*          0    00000000    00000000     UNINITIALIZED

.bss       0    20000200    0000012c     UNINITIALIZED
                  20000200    00000120     rtsv7M4_T_le_v4SPD16_eabi.lib : trgmsg.c.obj (.bss:_CIOBUF_)
                  20000320    00000008     (.common:parmbuf)
                  20000328    00000004     (.common:BASE)

.data      0    2000032c    0000001c     UNINITIALIZED
                  2000032c    0000000c     main.obj (.data)
                  20000338    00000008     rtsv7M4_T_le_v4SPD16_eabi.lib : _lock.c.obj (.data:$O1$$)
                  20000340    00000008     gpio_test.obj (.data)

.stack     0    20000000    00000200     UNINITIALIZED
                  20000000    00000004     rtsv7M4_T_le_v4SPD16_eabi.lib : boot_cortex_m.c.obj (.stack)
                  20000004    000001fc     --HOLE--

MODULE SUMMARY

       Module                         code   ro data   rw data
       ------                         ----   -------   -------
    .\
       gpio_test.obj                  776    0         12     
       tm4c123gh6pm_startup_ccs.obj   12     620       0      
       main.obj                       448    0         12     
    +--+------------------------------+------+---------+---------+
       Total:                         1236   620       24     
                                                              
    I:\Programs20\ccs\tools\compiler\ti-cgt-arm_18.12.4.LTS\lib\rtsv7M4_T_le_v4SPD16_eabi.lib
       trgmsg.c.obj                   108    0         288    
       memcpy_t2.asm.obj              156    0         0      
       copy_decompress_lzss.c.obj     104    0         0      
       hostclock.c.obj                72     0         0      
       autoinit.c.obj                 68     0         0      
       boot_cortex_m.c.obj            52     0         0      
       copy_zero_init.c.obj           28     0         0      
       copy_decompress_none.c.obj     14     0         0      
       _lock.c.obj                    2      0         8      
       hostopen.c.obj                 0      0         8      
       exit.c.obj                     4      0         0      
       pre_init.c.obj                 4      0         0      
    +--+------------------------------+------+---------+---------+
       Total:                         612    0         304    
                                                              
       Stack:                         0      0         512    
       Linker Generated:              0      65        0      
    +--+------------------------------+------+---------+---------+
       Grand Total:                   1848   685       840    


LINKER GENERATED COPY TABLES

__TI_cinit_table @ 000009e0 records: 2, size/record: 8, table size: 16
	.data: load addr=000009a8, load size=0000001d bytes, run addr=2000032c, run size=0000001c bytes, compression=lzss
	.bss: load addr=000009d8, load size=00000008 bytes, run addr=20000200, run size=0000012c bytes, compression=zero_init


LINKER GENERATED HANDLER TABLE

__TI_handler_table @ 000009c8 records: 3, size/record: 4, table size: 12
	index: 0, handler: __TI_decompress_lzss
	index: 1, handler: __TI_decompress_none
	index: 2, handler: __TI_zero_init


GLOBAL SYMBOLS: SORTED ALPHABETICALLY BY Name 

address   name                          
-------   ----                          
20000328  BASE                          
0000099f  C$$EXIT                       
000008f3  C$$IO$$                       
20000340  GPIOHBCTL                     
000004f7  GPIORead                      
00000839  HOSTclock                     
2000032c  RCC                           
20000344  RCGCGPIO                      
20000330  RCGCTIMER                     
20000334  RCGCWTIMER                    
0000098f  ResetISR                      
20000200  __CIOBUF_                     
20000200  __STACK_END                   
00000200  __STACK_SIZE                  
20000200  __STACK_TOP                   
000009e0  __TI_CINIT_Base               
000009f0  __TI_CINIT_Limit              
000009c8  __TI_Handler_Table_Base       
000009d4  __TI_Handler_Table_Limit      
00000881  __TI_auto_init_nobinit_nopinit
000007d1  __TI_decompress_lzss          
00000981  __TI_decompress_none          
ffffffff  __TI_pprof_out_hndl           
ffffffff  __TI_prof_data_size           
ffffffff  __TI_prof_data_start          
000008fd  __TI_readmsg                  
00000000  __TI_static_base__            
000008c5  __TI_writemsg                 
00000965  __TI_zero_init_nomemset       
00000735  __aeabi_memcpy                
00000735  __aeabi_memcpy4               
00000735  __aeabi_memcpy8               
ffffffff  __binit__                     
ffffffff  __c_args__                    
UNDEFED   __mpu_init                    
20000000  __stack                       
00000931  _c_int00_noargs               
20000338  _lock                         
000009a3  _nop                          
UNDEFED   _system_post_cinit            
0000099b  _system_pre_init              
2000033c  _unlock                       
0000099f  abort                         
ffffffff  binit                         
00000575  clcok                         
00000457  clear_pin                     
00000839  clock                         
000005b3  clock_timer1632               
00000637  clock_timer3264               
00000485  driver_strength               
00000000  g_pfnVectors                  
000003e7  gpio_direction                
0000032f  gpio_init                     
00000397  gpio_mode                     
000006bb  main                          
00000735  memcpy                        
20000320  parmbuf                       
0000026d  port_bus                      
00000515  pull_up                       
0000042d  set_pin                       


GLOBAL SYMBOLS: SORTED BY Symbol Address 

address   name                          
-------   ----                          
00000000  __TI_static_base__            
00000000  g_pfnVectors                  
00000200  __STACK_SIZE                  
0000026d  port_bus                      
0000032f  gpio_init                     
00000397  gpio_mode                     
000003e7  gpio_direction                
0000042d  set_pin                       
00000457  clear_pin                     
00000485  driver_strength               
000004f7  GPIORead                      
00000515  pull_up                       
00000575  clcok                         
000005b3  clock_timer1632               
00000637  clock_timer3264               
000006bb  main                          
00000735  __aeabi_memcpy                
00000735  __aeabi_memcpy4               
00000735  __aeabi_memcpy8               
00000735  memcpy                        
000007d1  __TI_decompress_lzss          
00000839  HOSTclock                     
00000839  clock                         
00000881  __TI_auto_init_nobinit_nopinit
000008c5  __TI_writemsg                 
000008f3  C$$IO$$                       
000008fd  __TI_readmsg                  
00000931  _c_int00_noargs               
00000965  __TI_zero_init_nomemset       
00000981  __TI_decompress_none          
0000098f  ResetISR                      
0000099b  _system_pre_init              
0000099f  C$$EXIT                       
0000099f  abort                         
000009a3  _nop                          
000009c8  __TI_Handler_Table_Base       
000009d4  __TI_Handler_Table_Limit      
000009e0  __TI_CINIT_Base               
000009f0  __TI_CINIT_Limit              
20000000  __stack                       
20000200  __CIOBUF_                     
20000200  __STACK_END                   
20000200  __STACK_TOP                   
20000320  parmbuf                       
20000328  BASE                          
2000032c  RCC                           
20000330  RCGCTIMER                     
20000334  RCGCWTIMER                    
20000338  _lock                         
2000033c  _unlock                       
20000340  GPIOHBCTL                     
20000344  RCGCGPIO                      
ffffffff  __TI_pprof_out_hndl           
ffffffff  __TI_prof_data_size           
ffffffff  __TI_prof_data_start          
ffffffff  __binit__                     
ffffffff  __c_args__                    
ffffffff  binit                         
UNDEFED   __mpu_init                    
UNDEFED   _system_post_cinit            

[60 symbols]
