******************************************************************************
                  TI ARM Linker PC v18.12.4                    
******************************************************************************
>> Linked Mon Feb 24 13:12:14 2020

OUTPUT FILE NAME:   <driver_test.out>
ENTRY POINT SYMBOL: "_c_int00_noargs"  address: 00000961


MEMORY CONFIGURATION

         name            origin    length      used     unused   attr    fill
----------------------  --------  ---------  --------  --------  ----  --------
  FLASH                 00000000   00040000  00000a14  0003f5ec  R  X
  SRAM                  20000000   00008000  00000340  00007cc0  RW X


SEGMENT ALLOCATION MAP

run origin  load origin   length   init length attrs members
----------  ----------- ---------- ----------- ----- -------
00000000    00000000    00000a18   00000a18    r-x
  00000000    00000000    0000026c   0000026c    r-- .intvecs
  0000026c    0000026c    00000768   00000768    r-x .text
  000009d8    000009d8    00000040   00000040    r-- .cinit
20000000    20000000    00000340   00000000    rw-
  20000000    20000000    00000200   00000000    rw- .stack
  20000200    20000200    0000012c   00000000    rw- .bss
  2000032c    2000032c    00000014   00000000    rw- .data


SECTION ALLOCATION MAP

 output                                  attributes/
section   page    origin      length       input sections
--------  ----  ----------  ----------   ----------------
.intvecs   0    00000000    0000026c     
                  00000000    0000026c     tm4c123gh6pm_startup_ccs.obj (.intvecs)

.text      0    0000026c    00000768     
                  0000026c    00000448     gpio_tset.obj (.text)
                  000006b4    000000b0     main.obj (.text)
                  00000764    0000009c     rtsv7M4_T_le_v4SPD16_eabi.lib : memcpy_t2.asm.obj (.text)
                  00000800    00000068                                   : copy_decompress_lzss.c.obj (.text:decompress:lzss:__TI_decompress_lzss)
                  00000868    00000048                                   : hostclock.c.obj (.text:HOSTclock)
                  000008b0    00000044                                   : autoinit.c.obj (.text:__TI_auto_init_nobinit_nopinit:__TI_auto_init_nobinit_nopinit)
                  000008f4    00000038                                   : trgmsg.c.obj (.text:__TI_writemsg)
                  0000092c    00000034                                   : trgmsg.c.obj (.text:__TI_readmsg)
                  00000960    00000034                                   : boot_cortex_m.c.obj (.text:_c_int00_noargs:_c_int00_noargs)
                  00000994    0000001c                                   : copy_zero_init.c.obj (.text:decompress:ZI:__TI_zero_init_nomemset:__TI_zero_init_nomemset)
                  000009b0    0000000e                                   : copy_decompress_none.c.obj (.text:decompress:none:__TI_decompress_none)
                  000009be    0000000c     tm4c123gh6pm_startup_ccs.obj (.text)
                  000009ca    00000004     rtsv7M4_T_le_v4SPD16_eabi.lib : pre_init.c.obj (.text:_system_pre_init)
                  000009ce    00000004                                   : exit.c.obj (.text:abort:abort)
                  000009d2    00000002                                   : _lock.c.obj (.text:_nop)

.cinit     0    000009d8    00000040     
                  000009d8    00000016     (.cinit..data.load) [load image, compression = lzss]
                  000009ee    00000002     --HOLE-- [fill = 0]
                  000009f0    0000000c     (__TI_handler_table)
                  000009fc    00000004     --HOLE-- [fill = 0]
                  00000a00    00000008     (.cinit..bss.load) [load image, compression = zero_init]
                  00000a08    00000010     (__TI_cinit_table)

.init_array 
*          0    00000000    00000000     UNINITIALIZED

.bss       0    20000200    0000012c     UNINITIALIZED
                  20000200    00000120     rtsv7M4_T_le_v4SPD16_eabi.lib : trgmsg.c.obj (.bss:_CIOBUF_)
                  20000320    00000008     (.common:parmbuf)
                  20000328    00000004     (.common:BASE)

.data      0    2000032c    00000014     UNINITIALIZED
                  2000032c    00000008     rtsv7M4_T_le_v4SPD16_eabi.lib : _lock.c.obj (.data:$O1$$)
                  20000334    00000008     gpio_tset.obj (.data)
                  2000033c    00000004     main.obj (.data)

.stack     0    20000000    00000200     UNINITIALIZED
                  20000000    00000004     rtsv7M4_T_le_v4SPD16_eabi.lib : boot_cortex_m.c.obj (.stack)
                  20000004    000001fc     --HOLE--

MODULE SUMMARY

       Module                         code   ro data   rw data
       ------                         ----   -------   -------
    .\
       gpio_tset.obj                  1096   0         12     
       tm4c123gh6pm_startup_ccs.obj   12     620       0      
       main.obj                       176    0         4      
    +--+------------------------------+------+---------+---------+
       Total:                         1284   620       16     
                                                              
    I:\Programs20\ccs\tools\compiler\ti-cgt-arm_18.12.4.LTS\lib\rtsv7M4_T_le_v4SPD16_eabi.lib
       trgmsg.c.obj                   108    0         288    
       memcpy_t2.asm.obj              156    0         0      
       copy_decompress_lzss.c.obj     104    0         0      
       hostclock.c.obj                72     0         0      
       autoinit.c.obj                 68     0         0      
       boot_cortex_m.c.obj            52     0         0      
       copy_zero_init.c.obj           28     0         0      
       copy_decompress_none.c.obj     14     0         0      
       _lock.c.obj                    2      0         8      
       hostopen.c.obj                 0      0         8      
       exit.c.obj                     4      0         0      
       pre_init.c.obj                 4      0         0      
    +--+------------------------------+------+---------+---------+
       Total:                         612    0         304    
                                                              
       Stack:                         0      0         512    
       Linker Generated:              0      58        0      
    +--+------------------------------+------+---------+---------+
       Grand Total:                   1896   678       832    


LINKER GENERATED COPY TABLES

__TI_cinit_table @ 00000a08 records: 2, size/record: 8, table size: 16
	.data: load addr=000009d8, load size=00000016 bytes, run addr=2000032c, run size=00000014 bytes, compression=lzss
	.bss: load addr=00000a00, load size=00000008 bytes, run addr=20000200, run size=0000012c bytes, compression=zero_init


LINKER GENERATED HANDLER TABLE

__TI_handler_table @ 000009f0 records: 3, size/record: 4, table size: 12
	index: 0, handler: __TI_decompress_lzss
	index: 1, handler: __TI_decompress_none
	index: 2, handler: __TI_zero_init


GLOBAL SYMBOLS: SORTED ALPHABETICALLY BY Name 

address   name                          
-------   ----                          
20000328  BASE                          
000009cf  C$$EXIT                       
00000923  C$$IO$$                       
20000334  GPIOHBCTL                     
00000667  GPIORead                      
00000869  HOSTclock                     
2000033c  RCC                           
20000338  RCGCGPIO                      
000009bf  ResetISR                      
20000200  __CIOBUF_                     
20000200  __STACK_END                   
00000200  __STACK_SIZE                  
20000200  __STACK_TOP                   
00000a08  __TI_CINIT_Base               
00000a18  __TI_CINIT_Limit              
000009f0  __TI_Handler_Table_Base       
000009fc  __TI_Handler_Table_Limit      
000008b1  __TI_auto_init_nobinit_nopinit
00000801  __TI_decompress_lzss          
000009b1  __TI_decompress_none          
ffffffff  __TI_pprof_out_hndl           
ffffffff  __TI_prof_data_size           
ffffffff  __TI_prof_data_start          
0000092d  __TI_readmsg                  
00000000  __TI_static_base__            
000008f5  __TI_writemsg                 
00000995  __TI_zero_init_nomemset       
00000765  __aeabi_memcpy                
00000765  __aeabi_memcpy4               
00000765  __aeabi_memcpy8               
ffffffff  __binit__                     
ffffffff  __c_args__                    
UNDEFED   __mpu_init                    
20000000  __stack                       
00000961  _c_int00_noargs               
2000032c  _lock                         
000009d3  _nop                          
UNDEFED   _system_post_cinit            
000009cb  _system_pre_init              
20000330  _unlock                       
000009cf  abort                         
ffffffff  binit                         
000006b5  clcok                         
000005a9  clear_pin                     
00000869  clock                         
000005f5  driver_strength               
00000000  g_pfnVectors                  
0000032f  gpio_init                     
000004c7  gpio_mode                     
000006f3  main                          
00000765  memcpy                        
20000320  parmbuf                       
0000051d  pin_modes                     
0000026d  port_bus                      
00000687  pull_up                       
00000575  set_pin                       


GLOBAL SYMBOLS: SORTED BY Symbol Address 

address   name                          
-------   ----                          
00000000  __TI_static_base__            
00000000  g_pfnVectors                  
00000200  __STACK_SIZE                  
0000026d  port_bus                      
0000032f  gpio_init                     
000004c7  gpio_mode                     
0000051d  pin_modes                     
00000575  set_pin                       
000005a9  clear_pin                     
000005f5  driver_strength               
00000667  GPIORead                      
00000687  pull_up                       
000006b5  clcok                         
000006f3  main                          
00000765  __aeabi_memcpy                
00000765  __aeabi_memcpy4               
00000765  __aeabi_memcpy8               
00000765  memcpy                        
00000801  __TI_decompress_lzss          
00000869  HOSTclock                     
00000869  clock                         
000008b1  __TI_auto_init_nobinit_nopinit
000008f5  __TI_writemsg                 
00000923  C$$IO$$                       
0000092d  __TI_readmsg                  
00000961  _c_int00_noargs               
00000995  __TI_zero_init_nomemset       
000009b1  __TI_decompress_none          
000009bf  ResetISR                      
000009cb  _system_pre_init              
000009cf  C$$EXIT                       
000009cf  abort                         
000009d3  _nop                          
000009f0  __TI_Handler_Table_Base       
000009fc  __TI_Handler_Table_Limit      
00000a08  __TI_CINIT_Base               
00000a18  __TI_CINIT_Limit              
20000000  __stack                       
20000200  __CIOBUF_                     
20000200  __STACK_END                   
20000200  __STACK_TOP                   
20000320  parmbuf                       
20000328  BASE                          
2000032c  _lock                         
20000330  _unlock                       
20000334  GPIOHBCTL                     
20000338  RCGCGPIO                      
2000033c  RCC                           
ffffffff  __TI_pprof_out_hndl           
ffffffff  __TI_prof_data_size           
ffffffff  __TI_prof_data_start          
ffffffff  __binit__                     
ffffffff  __c_args__                    
ffffffff  binit                         
UNDEFED   __mpu_init                    
UNDEFED   _system_post_cinit            

[56 symbols]
